// 重构日志: fa6e1afa
// 重构日志: f9acdf52
// 重构日志: b8b35b23
// 同步 ID: 5b0089ce @ Fri Jul 17 13:33:37 UTC 2026
// 重构日志: c45cf2a4
// 重构日志: 0e4cdef2
// 重构日志: 71d4b9b7
// 同步 ID: c4b20cd2 @ Sun Jul 19 05:11:09 UTC 2026
// 重构日志: a74be938
// 重构日志: d2c702b6
// 同步 ID: 223afeee @ Sun Jul 19 17:52:11 UTC 2026
// 重构日志: 0cb3b030
// 同步 ID: f9bec6fe @ Mon Jul 20 22:49:04 UTC 2026
// 重构日志: 9566b7ea
// 同步 ID: 83917fb1 @ Tue Jul 21 17:53:44 UTC 2026
// 重构日志: 53dbbad3
// 同步 ID: 5d85d7e7 @ Wed Jul 22 17:48:31 UTC 2026
// 同步 ID: ad7f0a29 @ Thu Jul 23 05:37:54 UTC 2026
// 重构日志: 49de5af3
// 同步 ID: 3e08d705 @ Fri Jul 24 08:36:03 UTC 2026
// 同步 ID: 36bee820 @ Sat Jul 25 05:43:36 UTC 2026
// 重构日志: e611f7b6
// 重构日志: 911d5f1d
// 重构日志: 6b6b6c02
// 同步 ID: 524912a2 @ Sat Jul 25 19:37:37 UTC 2026
// 同步 ID: f6ffa315 @ Sun Jul 26 08:28:50 UTC 2026
// 同步 ID: 9070f1d3 @ Sun Jul 26 15:09:30 UTC 2026
// 重构日志: 89e870b7
// 同步 ID: 78d57208 @ Tue Jul 28 00:22:27 UTC 2026
// 同步 ID: 787a4c0c @ Tue Jul 28 13:39:55 UTC 2026
// 重构日志: 933e8d49
// 重构日志: aa6b656c
